---
source: src/errors/tests/failure_tests.rs
expression: render_diagnostic(&failure)
---
rogue_logging::errors::tests::test_helpers::TestAction::LoadConfig

  × Failed to load config
  │ ▷ format: yaml
  │ ▷ env: production
  ├─▶ Failed to parse config file
  │   ▷ path: /etc/myapp/config.yaml
  │   ▷ line: 42
  ╰─▶ file not found
