---
source: src/errors/tests/failure_tests.rs
expression: render_diagnostic(&failure)
---
users::fetch::failed (https://docs.example.com/users)

  × Failed to get all users
  ├─▶ Failed to cache users
  │   ▷ path: /var/cache/users.json
  ├─▶ Failed to parse response
  │   ▷ url: https://api.example.com/users
  │   ▷ content_type: application/json
  ╰─▶ expected ',' at line 3 column 12
  help: All sources failed

Error: rogue_logging::errors::tests::test_helpers::HttpAction::CacheUsers

  × Failed to cache users
  │ ▷ url: https://fallback.example.com/users
  ╰─▶ connection refused
  help: Fallback API is unavailable

Warning: rogue_logging::errors::tests::test_helpers::HttpAction::CacheUsers

  ⚠ Failed to cache users
  │ ▷ path: /var/cache/users.json
  ╰─▶ file not found
  help: Local cache is missing
