---
source: src/errors/tests/failure_tests.rs
expression: snapshot
---
rogue_logging::errors::tests::test_helpers::HttpAction::CacheUsers

  × Failed to cache users
  │ ▷ path: /var/cache/users.json
  ├─▶ Failed to parse response
  │   ▷ url: https://api.example.com/users
  │   ▷ content_type: application/json
  ╰─▶ expected ',' at line 3 column 12

--------------------------------------------------------------------------------

Failed to cache users
▷ path: /var/cache/users.json
    Diagnostic severity: error
    Caused by: Failed to parse response
▷ url: https://api.example.com/users
▷ content_type: application/json
    Caused by: expected ',' at line 3 column 12
diagnostic code: rogue_logging::errors::tests::test_helpers::HttpAction::CacheUsers
